
[1m[46m RUN [49m[22m [36mv4.1.0 [39m[90mD:/LiveFit Project/Project-LiveFit[39m

 [32m✓[39m src/components/Tabs/BodyTab.test.tsx[2m > [22mBodyTab Component[2m > [22mrenders measurement inputs correctly[32m 108[2mms[22m[39m
 [32m✓[39m src/components/Tabs/BodyTab.test.tsx[2m > [22mBodyTab Component[2m > [22mcalls setMeasurements when an input changes[32m 31[2mms[22m[39m
 [32m✓[39m src/components/Tabs/BodyTab.test.tsx[2m > [22mBodyTab Component[2m > [22mcalls handleSaveMeasurements when button is clicked[32m 31[2mms[22m[39m
 [32m✓[39m src/components/Tabs/BodyTab.test.tsx[2m > [22mBodyTab Component[2m > [22mrenders latest stats when available[32m 26[2mms[22m[39m
 [32m✓[39m src/components/Tabs/BodyTab.test.tsx[2m > [22mBodyTab Component[2m > [22mrenders measurement history table after fetch[32m 52[2mms[22m[39m
 [32m✓[39m src/components/Tabs/BodyTab.test.tsx[2m > [22mBodyTab Component[2m > [22mrenders empty message when no latest measurement[32m 22[2mms[22m[39m
 [31m×[39m src/components/Tabs/BodyTab.test.tsx[2m > [22mBodyTab Component[2m > [22mrenders all measurement fields in the input grid[32m 42[2mms[22m[39m
[31m   → Unable to find an element with the text: WEIGHT. This could be because the text is broken up by multiple elements. In this case, you can provide a function for your text matcher to make your matcher more flexible.

Ignored nodes: comments, script, style
[36m<body>[31m
  [36m<div>[31m
    [36m<div[31m
      [33mclass[31m=[32m"flex flex-col gap-6"[31m
    [36m>[31m
      [36m<div[31m
        [33mclass[31m=[32m"grid grid-cols-1 md:grid-cols-2 gap-6"[31m
      [36m>[31m
        [36m<div[31m
          [33mclass[31m=[32m"card shadow-lg border-[var(--border)] transition-all"[31m
        [36m>[31m
          [36m<div[31m
            [33mclass[31m=[32m"flex items-center gap-3 mb-8"[31m
          [36m>[31m
            [36m<div[31m
              [33mclass[31m=[32m"p-2 bg-[var(--surface2)] rounded-lg"[31m
            [36m>[31m
              [36m<svg[31m
                [33maria-hidden[31m=[32m"true"[31m
                [33mclass[31m=[32m"lucide lucide-ruler w-5 h-5"[31m
                [33mfill[31m=[32m"none"[31m
                [33mheight[31m=[32m"24"[31m
                [33mstroke[31m=[32m"currentColor"[31m
                [33mstroke-linecap[31m=[32m"round"[31m
                [33mstroke-linejoin[31m=[32m"round"[31m
                [33mstroke-width[31m=[32m"2"[31m
                [33mstyle[31m=[32m"color: rgb(230, 172, 80);"[31m
                [33mviewBox[31m=[32m"0 0 24 24"[31m
                [33mwidth[31m=[32m"24"[31m
                [33mxmlns[31m=[32m"http://www.w3.org/2000/svg"[31m
              [36m>[31m
                [36m<path[31m
                  [33md[31m=[32m"M21.3 15.3a2.4 2.4 0 0 1 0 3.4l-2.6 2.6a2.4 2.4 0 0 1-3.4 0L2.7 8.7a2.41 2.41 0 0 1 0-3.4l2.6-2.6a2.41 2.41 0 0 1 3.4 0Z"[31m
                [36m/>[31m
                [36m<path[31m
                  [33md[31m=[32m"m14.5 12.5 2-2"[31m
                [36m/>[31m
                [36m<path[31m
                  [33md[31m=[32m"m11.5 9.5 2-2"[31m
                [36m/>[31m
                [36m<path[31m
                  [33md[31m=[32m"m8.5 6.5 2-2"[31m
                [36m/>[31m
                [36m<path[31m
                  [33md[31m=[32m"m17.5 15.5 2-2"[31m
                [36m/>[31m
              [36m</svg>[31m
            [36m</div>[31m
            [36m<div>[31m
              [36m<div[31m
                [33mclass[31m=[32m"card-label mb-0"[31m
              [36m>[31m
                [0mLog Measurements[0m
              [36m</div>[31m
              [36m<p[31m
                [33mclass[31m=[32m"text-[11px] text-[var(--text-muted)] mt-0.5 tracking-tight uppercase"[31m
              [36m>[31m
                [0mTrack your physical transformation[0m
              [36m</p>[31m
            [36m</div>[31m
          [36m</div>[31m
          [36m<div[31m
            [33mclass[31m=[32m"grid grid-cols-2 sm:grid-cols-3 gap-5"[31m
          [36m>[31m
            [36m<div[31m
              [33mclass[31m=[32m"flex flex-col gap-2"[31m
            [36m>[31m
              [36m<div[31m
                [33mclass[31m=[32m"flex items-center gap-1.5"[31m
              [36m>[31m
                [36m<svg[31m
                  [33maria-hidden[31m=[32m"true"[31m
                  [33mclass[31m=[32m"lucide lucide-weight w-3 h-3 opacity-80"[31m
                  [33mfill[31m=[32m"none"[31m
                  [33mheight[31m=[32m"24"[31m
                  [33mstroke[31m=[32m"currentColor"[31m
                  [33mstroke-linecap[31m=[32m"round"[31m
                  [33mstroke-linejoin[31m=[32m"round"[31m
                  [33mstroke-width[31m=[32m"2"[31m
                  [33mstyle[31m=[32m"color: rgb(168, 107, 18);"[31m
                  [33mviewBox[31m=[32m"0 0 24 24"[31m
                  [33mwidth[31m=[32m"24"[31m
                  [33mxmlns[31m=[32m"http://www.w3.org/2000/svg"[31m
                [36m>[31m
                  [36m<circle[31m
                    [33mcx[31m=[32m"12"[31m
                    [33mcy[31m=[32m"5"[31m
                    [33mr[31m=[32m"3"[31m
                  [36m/>[31m
                  [36m<path[31m
                    [33md[31m=[32m"M6.5 8a2 2 0 0 0-1.905 1.46L2.1 18.5A2 2 0 0 0 4 21h16a2 2 0 0 0 1.925-2.54L19.4 9.5A2 2 0 0 0 17.48 8Z"[31m
                  [36m/>[31m
                [36m</svg>[31m
                [36m<div[31m
                  [33mclass[31m=[32m"text-[10px] tracking-[0.1em] uppercase text-[var(--text-muted)] font-bold"[31m
                [36m>[31m
                  [0mWeight[0m
                [36m</div>[31m
              [36m</div>[31m
              [36m<div[31m
                [33mclass[31m=[32m"relative group"[31m
              [36m>[31m
                [36m<input[31m
                  [33mclass[31m=[32m"measure-input w-full pr-8 transition-all focus:ring-1 focus:ring-[var(--accent)]/20"[31m
                  [33mdata-testid[31m=[32m"input-weight"[31m
                  [33mplaceholder[31m=[32m"0.0"[31m
                  [33mstep[31m=[32m"0.1"[31m
                  [33mtype[31m=[32m"number"[31m
                  [33mvalue[31m=[32m"75"[31m
                [36m/>[31m
                [36m<span[31m
                  [33mclass[31m=[32m"absolute right-3 top-1/2 -translate-y-1/2 text-[10px] text-[var(--text-muted)] font-bold opacity-50"[31m
                [36m>[31m
                  [0mkg[0m
                [36m</span>[31m
              [36m</div>[31m
            [36m</div>[31m
            [36m<div[31m
              [33mclass[31m=[32m"flex flex-col gap-2"[31m
            [36m>[31m
              [36m<div[31m
                [33mclass[31m=[32m"flex items-center gap-1.5"[31m
              [36m>[31m
                [36m<svg[31m
                  [33maria-hidden[31m=[32m"true"[31m
                  [33mclass[31m=[32m"lucide lucide-ruler w-3 h-3 opacity-80"[31m
                  [33mfill[31m=[32m"none"[31m
                  [33mheight[31m=[32m"24"[31m
                  [33mstroke[31m=[32m"currentColor"[31m
                  [33mstroke-linecap[31m=[32m"round"[31m
                  [33mstroke-linejoin[31m=[32m"round"[31m
                  [33mstroke-width[31m=[32m"2"[31m
                  [33mstyle[31m=[32m"color: rgb(230, 172, 80);"[31m
                  [33mviewBox[31m=[32m"0 0 24 24"[31m
                  [33mwidth[31m=[32m"24"[31m
                  [33mxmlns[31m=[32m"http://www.w3.org/2000/svg"[31m
                [36m>[31m
                  [36m<path[31m
                    [33md[31m=[32m"M21.3 15.3a2.4 2.4 0 0 1 0 3.4l-2.6 2.6a2.4 2.4 0 0 1-3.4 0L2.7 8.7a2.41 2.41 0 0 1 0-3.4l2.6-2.6a2.41 2.41 0 0 1 3.4 0Z"[31m
                  [36m/>[31m
                  [36m<path[31m
                    [33md[31m=[32m"m14.5 12.5 2-2"[31m
                  [36m/>[31m
                  [36m<path[31m
                    [33md[31m=[32m"m11.5 9.5 2-2"[31m
                  [36m/>[31m
                  [36m<path[31m
                    [3...[39m
 [31m×[39m src/components/Tabs/BodyTab.test.tsx[2m > [22mBodyTab Component[2m > [22mrenders latest measurement values in the stats card[33m 1040[2mms[22m[39m
[31m   → Found multiple elements with the text: 75

Here are the matching elements:

Ignored nodes: comments, script, style
[36m<span[31m
  [33mclass[31m=[32m"text-[24px] font-extralight tracking-tighter text-[var(--text)]"[31m
[36m>[31m
  [0m75[0m
[36m</span>[31m

Ignored nodes: comments, script, style
[36m<td[31m
  [33mclass[31m=[32m"py-3 px-4 text-[16px] font-extralight tracking-tighter text-center"[31m
[36m>[31m
  [0m75[0m
[36m</td>[31m

(If this is intentional, then use the `*AllBy*` variant of the query (like `queryAllByText`, `getAllByText`, or `findAllByText`)).

Ignored nodes: comments, script, style
[36m<body>[31m
  [36m<div>[31m
    [36m<div[31m
      [33mclass[31m=[32m"flex flex-col gap-6"[31m
    [36m>[31m
      [36m<div[31m
        [33mclass[31m=[32m"grid grid-cols-1 md:grid-cols-2 gap-6"[31m
      [36m>[31m
        [36m<div[31m
          [33mclass[31m=[32m"card shadow-lg border-[var(--border)] transition-all"[31m
        [36m>[31m
          [36m<div[31m
            [33mclass[31m=[32m"flex items-center gap-3 mb-8"[31m
          [36m>[31m
            [36m<div[31m
              [33mclass[31m=[32m"p-2 bg-[var(--surface2)] rounded-lg"[31m
            [36m>[31m
              [36m<svg[31m
                [33maria-hidden[31m=[32m"true"[31m
                [33mclass[31m=[32m"lucide lucide-ruler w-5 h-5"[31m
                [33mfill[31m=[32m"none"[31m
                [33mheight[31m=[32m"24"[31m
                [33mstroke[31m=[32m"currentColor"[31m
                [33mstroke-linecap[31m=[32m"round"[31m
                [33mstroke-linejoin[31m=[32m"round"[31m
                [33mstroke-width[31m=[32m"2"[31m
                [33mstyle[31m=[32m"color: rgb(230, 172, 80);"[31m
                [33mviewBox[31m=[32m"0 0 24 24"[31m
                [33mwidth[31m=[32m"24"[31m
                [33mxmlns[31m=[32m"http://www.w3.org/2000/svg"[31m
              [36m>[31m
                [36m<path[31m
                  [33md[31m=[32m"M21.3 15.3a2.4 2.4 0 0 1 0 3.4l-2.6 2.6a2.4 2.4 0 0 1-3.4 0L2.7 8.7a2.41 2.41 0 0 1 0-3.4l2.6-2.6a2.41 2.41 0 0 1 3.4 0Z"[31m
                [36m/>[31m
                [36m<path[31m
                  [33md[31m=[32m"m14.5 12.5 2-2"[31m
                [36m/>[31m
                [36m<path[31m
                  [33md[31m=[32m"m11.5 9.5 2-2"[31m
                [36m/>[31m
                [36m<path[31m
                  [33md[31m=[32m"m8.5 6.5 2-2"[31m
                [36m/>[31m
                [36m<path[31m
                  [33md[31m=[32m"m17.5 15.5 2-2"[31m
                [36m/>[31m
              [36m</svg>[31m
            [36m</div>[31m
            [36m<div>[31m
              [36m<div[31m
                [33mclass[31m=[32m"card-label mb-0"[31m
              [36m>[31m
                [0mLog Measurements[0m
              [36m</div>[31m
              [36m<p[31m
                [33mclass[31m=[32m"text-[11px] text-[var(--text-muted)] mt-0.5 tracking-tight uppercase"[31m
              [36m>[31m
                [0mTrack your physical transformation[0m
              [36m</p>[31m
            [36m</div>[31m
          [36m</div>[31m
          [36m<div[31m
            [33mclass[31m=[32m"grid grid-cols-2 sm:grid-cols-3 gap-5"[31m
          [36m>[31m
            [36m<div[31m
              [33mclass[31m=[32m"flex flex-col gap-2"[31m
            [36m>[31m
              [36m<div[31m
                [33mclass[31m=[32m"flex items-center gap-1.5"[31m
              [36m>[31m
                [36m<svg[31m
                  [33maria-hidden[31m=[32m"true"[31m
                  [33mclass[31m=[32m"lucide lucide-weight w-3 h-3 opacity-80"[31m
                  [33mfill[31m=[32m"none"[31m
                  [33mheight[31m=[32m"24"[31m
                  [33mstroke[31m=[32m"currentColor"[31m
                  [33mstroke-linecap[31m=[32m"round"[31m
                  [33mstroke-linejoin[31m=[32m"round"[31m
                  [33mstroke-width[31m=[32m"2"[31m
                  [33mstyle[31m=[32m"color: rgb(168, 107, 18);"[31m
                  [33mviewBox[31m=[32m"0 0 24 24"[31m
                  [33mwidth[31m=[32m"24"[31m
                  [33mxmlns[31m=[32m"http://www.w3.org/2000/svg"[31m
                [36m>[31m
                  [36m<circle[31m
                    [33mcx[31m=[32m"12"[31m
                    [33mcy[31m=[32m"5"[31m
                    [33mr[31m=[32m"3"[31m
                  [36m/>[31m
                  [36m<path[31m
                    [33md[31m=[32m"M6.5 8a2 2 0 0 0-1.905 1.46L2.1 18.5A2 2 0 0 0 4 21h16a2 2 0 0 0 1.925-2.54L19.4 9.5A2 2 0 0 0 17.48 8Z"[31m
                  [36m/>[31m
                [36m</svg>[31m
                [36m<div[31m
                  [33mclass[31m=[32m"text-[10px] tracking-[0.1em] uppercase text-[var(--text-muted)] font-bold"[31m
                [36m>[31m
                  [0mWeight[0m
                [36m</div>[31m
              [36m</div>[31m
              [36m<div[31m
                [33mclass[31m=[32m"relative group"[31m
              [36m>[31m
                [36m<input[31m
                  [33mclass[31m=[32m"measure-input w-full pr-8 transition-all focus:ring-1 focus:ring-[var(--accent)]/20"[31m
                  [33mdata-testid[31m=[32m"input-weight"[31m
                  [33mplaceholder[31m=[32m"0.0"[31m
                  [33mstep[31m=[32m"0.1"[31m
                  [33mtype[31m=[32m"number"[31m
                  [33mvalue[31m=[32m"75"[31m
                [36m/>[31m
                [36m<span[31m
                  [33mclass[31m=[32m"absolute right-3 top-1/2 -translate-y-1/2 text-[10px] text-[var(--text-muted)] font-bold opacity-50"[31m
                [36m>[31m
                  [0mkg[0m
                [36m</span>[31m
              [36m</div>[31m
            [36m</div>[31m
            [36m<div[31m
              [33mclass[31m=[32m"flex flex-col gap-2"[31m
            [36m>[31m
              [36m<div[31m
                [33mclass[31m=[32m"flex items-center gap-1.5"[31m
              [36m>[31m
                [36m<svg[31m
                  [33maria-hidden[31m=[32m"true"[31m
                  [33mclass[31m=[32m"lucide lucide-ruler w-3 h-3 opacity-80"[31m
                  [33mfill[31m=[32m"none"[31m
                  [33mheight[31m=[32m"24"[31m
                  [33mstroke[31m=[32m"currentColor"[31m
                  [33mstroke-linecap[31m=[32m"round"[31m
                  [33mstroke-linejoin[31m=[32m"round"[31m
                  [33mstroke-width[31m=[32m"2"[31m
                  [33mstyle[31m=[32m"color: rgb(230, 172, 80);"[31m
                  [33mviewBox[31m=[32m"0 0 24 24"[31m
                  [33mwidth[31m=[32m"24"[31m
                  [33mxmlns[31m=[32m"http://www.w3.org/2000/svg"[31m
                [36m>[31m
                  [36m<path[31m
                    [33md[31m=[32m"M21.3 15.3a2.4 2.4 0 0 1 0 3.4l-2.6 2.6a2.4 2.4 0 0 1-3.4 0L2.7 8.7a2.41 2.41 0 0 1 0-3.4l2.6-2.6a2.41 2.41 0 0 1 3.4 0Z"[31m
                  [36m/>[31m
                  [36m<path[31m
                    [33md[31m=[32m"m14.5 12.5 2-2"[31m
                  [36m/>[31m
                  [36m<path[31m
                    [33md[31m=[32m"m11.5 9.5 2-2"[31m
                  [36m/>[31m
                  [36m<path[31m
                    [3...

Ignored nodes: comments, script, style
[36m<html>[31m
  [36m<head />[31m
  [36m<body>[31m
    [36m<div>[31m
      [36m<div[31m
        [33mclass[31m=[32m"flex flex-col gap-6"[31m
      [36m>[31m
        [36m<div[31m
          [33mclass[31m=[32m"grid grid-cols-1 md:grid-cols-2 gap-6"[31m
        [36m>[31m
          [36m<div[31m
            [33mclass[31m=[32m"card shadow-lg border-[var(--border)] transition-all"[31m
          [36m>[31m
            [36m<div[31m
              [33mclass[31m=[32m"flex items-center gap-3 mb-8"[31m
            [36m>[31m
              [36m<div[31m
                [33mclass[31m=[32m"p-2 bg-[var(--surface2)] rounded-lg"[31m
              [36m>[31m
                [36m<svg[31m
                  [33maria-hidden[31m=[32m"true"[31m
                  [33mclass[31m=[32m"lucide lucide-ruler w-5 h-5"[31m
                  [33mfill[31m=[32m"none"[31m
                  [33mheight[31m=[32m"24"[31m
                  [33mstroke[31m=[32m"currentColor"[31m
                  [33mstroke-linecap[31m=[32m"round"[31m
                  [33mstroke-linejoin[31m=[32m"round"[31m
                  [33mstroke-width[31m=[32m"2"[31m
                  [33mstyle[31m=[32m"color: rgb(230, 172, 80);"[31m
                  [33mviewBox[31m=[32m"0 0 24 24"[31m
                  [33mwidth[31m=[32m"24"[31m
                  [33mxmlns[31m=[32m"http://www.w3.org/2000/svg"[31m
                [36m>[31m
                  [36m<path[31m
                    [33md[31m=[32m"M21.3 15.3a2.4 2.4 0 0 1 0 3.4l-2.6 2.6a2.4 2.4 0 0 1-3.4 0L2.7 8.7a2.41 2.41 0 0 1 0-3.4l2.6-2.6a2.41 2.41 0 0 1 3.4 0Z"[31m
                  [36m/>[31m
                  [36m<path[31m
                    [33md[31m=[32m"m14.5 12.5 2-2"[31m
                  [36m/>[31m
                  [36m<path[31m
                    [33md[31m=[32m"m11.5 9.5 2-2"[31m
                  [36m/>[31m
                  [36m<path[31m
                    [33md[31m=[32m"m8.5 6.5 2-2"[31m
                  [36m/>[31m
                  [36m<path[31m
                    [33md[31m=[32m"m17.5 15.5 2-2"[31m
                  [36m/>[31m
                [36m</svg>[31m
              [36m</div>[31m
              [36m<div>[31m
                [36m<div[31m
                  [33mclass[31m=[32m"card-label mb-0"[31m
                [36m>[31m
                  [0mLog Measurements[0m
                [36m</div>[31m
                [36m<p[31m
                  [33mclass[31m=[32m"text-[11px] text-[var(--text-muted)] mt-0.5 tracking-tight uppercase"[31m
                [36m>[31m
                  [0mTrack your physical transformation[0m
                [36m</p>[31m
              [36m</div>[31m
            [36m</div>[31m
            [36m<div[31m
              [33mclass[31m=[32m"grid grid-cols-2 sm:grid-cols-3 gap-5"[31m
            [36m>[31m
              [36m<div[31m
                [33mclass[31m=[32m"flex flex-col gap-2"[31m
              [36m>[31m
                [36m<div[31m
                  [33mclass[31m=[32m"flex items-center gap-1.5"[31m
                [36m>[31m
                  [36m<svg[31m
                    [33maria-hidden[31m=[32m"true"[31m
                    [33mclass[31m=[32m"lucide lucide-weight w-3 h-3 opacity-80"[31m
                    [33mfill[31m=[32m"none"[31m
                    [33mheight[31m=[32m"24"[31m
                    [33mstroke[31m=[32m"currentColor"[31m
                    [33mstroke-linecap[31m=[32m"round"[31m
                    [33mstroke-linejoin[31m=[32m"round"[31m
                    [33mstroke-width[31m=[32m"2"[31m
                    [33mstyle[31m=[32m"color: rgb(168, 107, 18);"[31m
                    [33mviewBox[31m=[32m"0 0 24 24"[31m
                    [33mwidth[31m=[32m"24"[31m
                    [33mxmlns[31m=[32m"http://www.w3.org/2000/svg"[31m
                  [36m>[31m
                    [36m<circle[31m
                      [33mcx[31m=[32m"12"[31m
                      [33mcy[31m=[32m"5"[31m
                      [33mr[31m=[32m"3"[31m
                    [36m/>[31m
                    [36m<path[31m
                      [33md[31m=[32m"M6.5 8a2 2 0 0 0-1.905 1.46L2.1 18.5A2 2 0 0 0 4 21h16a2 2 0 0 0 1.925-2.54L19.4 9.5A2 2 0 0 0 17.48 8Z"[31m
                    [36m/>[31m
                  [36m</svg>[31m
                  [36m<div[31m
                    [33mclass[31m=[32m"text-[10px] tracking-[0.1em] uppercase text-[var(--text-muted)] font-bold"[31m
                  [36m>[31m
                    [0mWeight[0m
                  [36m</div>[31m
                [36m</div>[31m
                [36m<div[31m
                  [33mclass[31m=[32m"relative group"[31m
                [36m>[31m
                  [36m<input[31m
                    [33mclass[31m=[32m"measure-input w-full pr-8 transition-all focus:ring-1 focus:ring-[var(--accent)]/20"[31m
                    [33mdata-testid[31m=[32m"input-weight"[31m
                    [33mplaceholder[31m=[32m"0.0"[31m
                    [33mstep[31m=[32m"0.1"[31m
                    [33mtype[31m=[32m"number"[31m
                    [33mvalue[31m=[32m"75"[31m
                  [36m/>[31m
                  [36m<span[31m
                    [33mclass[31m=[32m"absolute right-3 top-1/2 -translate-y-1/2 text-[10px] text-[var(--text-muted)] font-bold opacity-50"[31m
                  [36m>[31m
                    [0mkg[0m
                  [36m</span>[31m
                [36m</div>[31m
              [36m</div>[31m
              [36m<div[31m
                [33mclass[31m=[32m"flex flex-col gap-2"[31m
              [36m>[31m
                [36m<div[31m
                  [33mclass[31m=[32m"flex items-center gap-1.5"[31m
                [36m>[31m
                  [36m<svg[31m
                    [33maria-hidden[31m=[32m"true"[31m
                    [33mclass[31m=[32m"lucide lucide-ruler w-3 h-3 opacity-80"[31m
                    [33mfill[31m=[32m"none"[31m
                    [33mheight[31m=[32m"24"[31m
                    [33mstroke[31m=[32m"currentColor"[31m
                    [33mstroke-linecap[31m=[32m"round"[31m
                    [33mstroke-linejoin[31m=[32m"round"[31m
                    [33mstroke-width[31m=[32m"2"[31m
                    [33mstyle[31m=[32m"color: rgb(230, 172, 80);"[31m
                    [33mviewBox[31m=[32m"0 0 24 24"[31m
                    [33mwidth[31m=[32m"24"[31m
                    [33mxmlns[31m=[32m"http://www.w3.org/2000/svg"[31m
                  [36m>[31m
                    [36m<path[31m
                      [33md[31m=[32m"M21.3 15.3a2.4 2.4 0 0 1 0 3.4l-2.6 2.6a2.4 2.4 0 0 1-3.4 0L2.7 8.7a2.41 2.41 0 0 1 0-3.4l2.6-2.6a2.41 2.41 0 0 1 3.4 0Z"[31m
                   ...[39m
 [32m✓[39m src/components/Tabs/BodyTab.test.tsx[2m > [22mBodyTab Component[2m > [22mhandles fetch error gracefully[32m 46[2mms[22m[39m

[31m⎯⎯⎯⎯⎯⎯⎯[39m[1m[41m Failed Tests 2 [49m[22m[31m⎯⎯⎯⎯⎯⎯⎯[39m

[41m[1m FAIL [22m[49m src/components/Tabs/BodyTab.test.tsx[2m > [22mBodyTab Component[2m > [22mrenders all measurement fields in the input grid
[31m[1mTestingLibraryElementError[22m[39m: Unable to find an element with the text: WEIGHT. This could be because the text is broken up by multiple elements. In this case, you can provide a function for your text matcher to make your matcher more flexible.

Ignored nodes: comments, script, style
[36m<body>[39m
  [36m<div>[39m
    [36m<div[39m
      [33mclass[39m=[32m"flex flex-col gap-6"[39m
    [36m>[39m
      [36m<div[39m
        [33mclass[39m=[32m"grid grid-cols-1 md:grid-cols-2 gap-6"[39m
      [36m>[39m
        [36m<div[39m
          [33mclass[39m=[32m"card shadow-lg border-[var(--border)] transition-all"[39m
        [36m>[39m
          [36m<div[39m
            [33mclass[39m=[32m"flex items-center gap-3 mb-8"[39m
          [36m>[39m
            [36m<div[39m
              [33mclass[39m=[32m"p-2 bg-[var(--surface2)] rounded-lg"[39m
            [36m>[39m
              [36m<svg[39m
                [33maria-hidden[39m=[32m"true"[39m
                [33mclass[39m=[32m"lucide lucide-ruler w-5 h-5"[39m
                [33mfill[39m=[32m"none"[39m
                [33mheight[39m=[32m"24"[39m
                [33mstroke[39m=[32m"currentColor"[39m
                [33mstroke-linecap[39m=[32m"round"[39m
                [33mstroke-linejoin[39m=[32m"round"[39m
                [33mstroke-width[39m=[32m"2"[39m
                [33mstyle[39m=[32m"color: rgb(230, 172, 80);"[39m
                [33mviewBox[39m=[32m"0 0 24 24"[39m
                [33mwidth[39m=[32m"24"[39m
                [33mxmlns[39m=[32m"http://www.w3.org/2000/svg"[39m
              [36m>[39m
                [36m<path[39m
                  [33md[39m=[32m"M21.3 15.3a2.4 2.4 0 0 1 0 3.4l-2.6 2.6a2.4 2.4 0 0 1-3.4 0L2.7 8.7a2.41 2.41 0 0 1 0-3.4l2.6-2.6a2.41 2.41 0 0 1 3.4 0Z"[39m
                [36m/>[39m
                [36m<path[39m
                  [33md[39m=[32m"m14.5 12.5 2-2"[39m
                [36m/>[39m
                [36m<path[39m
                  [33md[39m=[32m"m11.5 9.5 2-2"[39m
                [36m/>[39m
                [36m<path[39m
                  [33md[39m=[32m"m8.5 6.5 2-2"[39m
                [36m/>[39m
                [36m<path[39m
                  [33md[39m=[32m"m17.5 15.5 2-2"[39m
                [36m/>[39m
              [36m</svg>[39m
            [36m</div>[39m
            [36m<div>[39m
              [36m<div[39m
                [33mclass[39m=[32m"card-label mb-0"[39m
              [36m>[39m
                [0mLog Measurements[0m
              [36m</div>[39m
              [36m<p[39m
                [33mclass[39m=[32m"text-[11px] text-[var(--text-muted)] mt-0.5 tracking-tight uppercase"[39m
              [36m>[39m
                [0mTrack your physical transformation[0m
              [36m</p>[39m
            [36m</div>[39m
          [36m</div>[39m
          [36m<div[39m
            [33mclass[39m=[32m"grid grid-cols-2 sm:grid-cols-3 gap-5"[39m
          [36m>[39m
            [36m<div[39m
              [33mclass[39m=[32m"flex flex-col gap-2"[39m
            [36m>[39m
              [36m<div[39m
                [33mclass[39m=[32m"flex items-center gap-1.5"[39m
              [36m>[39m
                [36m<svg[39m
                  [33maria-hidden[39m=[32m"true"[39m
                  [33mclass[39m=[32m"lucide lucide-weight w-3 h-3 opacity-80"[39m
                  [33mfill[39m=[32m"none"[39m
                  [33mheight[39m=[32m"24"[39m
                  [33mstroke[39m=[32m"currentColor"[39m
                  [33mstroke-linecap[39m=[32m"round"[39m
                  [33mstroke-linejoin[39m=[32m"round"[39m
                  [33mstroke-width[39m=[32m"2"[39m
                  [33mstyle[39m=[32m"color: rgb(168, 107, 18);"[39m
                  [33mviewBox[39m=[32m"0 0 24 24"[39m
                  [33mwidth[39m=[32m"24"[39m
                  [33mxmlns[39m=[32m"http://www.w3.org/2000/svg"[39m
                [36m>[39m
                  [36m<circle[39m
                    [33mcx[39m=[32m"12"[39m
                    [33mcy[39m=[32m"5"[39m
                    [33mr[39m=[32m"3"[39m
                  [36m/>[39m
                  [36m<path[39m
                    [33md[39m=[32m"M6.5 8a2 2 0 0 0-1.905 1.46L2.1 18.5A2 2 0 0 0 4 21h16a2 2 0 0 0 1.925-2.54L19.4 9.5A2 2 0 0 0 17.48 8Z"[39m
                  [36m/>[39m
                [36m</svg>[39m
                [36m<div[39m
                  [33mclass[39m=[32m"text-[10px] tracking-[0.1em] uppercase text-[var(--text-muted)] font-bold"[39m
                [36m>[39m
                  [0mWeight[0m
                [36m</div>[39m
              [36m</div>[39m
              [36m<div[39m
                [33mclass[39m=[32m"relative group"[39m
              [36m>[39m
                [36m<input[39m
                  [33mclass[39m=[32m"measure-input w-full pr-8 transition-all focus:ring-1 focus:ring-[var(--accent)]/20"[39m
                  [33mdata-testid[39m=[32m"input-weight"[39m
                  [33mplaceholder[39m=[32m"0.0"[39m
                  [33mstep[39m=[32m"0.1"[39m
                  [33mtype[39m=[32m"number"[39m
                  [33mvalue[39m=[32m"75"[39m
                [36m/>[39m
                [36m<span[39m
                  [33mclass[39m=[32m"absolute right-3 top-1/2 -translate-y-1/2 text-[10px] text-[var(--text-muted)] font-bold opacity-50"[39m
                [36m>[39m
                  [0mkg[0m
                [36m</span>[39m
              [36m</div>[39m
            [36m</div>[39m
            [36m<div[39m
              [33mclass[39m=[32m"flex flex-col gap-2"[39m
            [36m>[39m
              [36m<div[39m
                [33mclass[39m=[32m"flex items-center gap-1.5"[39m
              [36m>[39m
                [36m<svg[39m
                  [33maria-hidden[39m=[32m"true"[39m
                  [33mclass[39m=[32m"lucide lucide-ruler w-3 h-3 opacity-80"[39m
                  [33mfill[39m=[32m"none"[39m
                  [33mheight[39m=[32m"24"[39m
                  [33mstroke[39m=[32m"currentColor"[39m
                  [33mstroke-linecap[39m=[32m"round"[39m
                  [33mstroke-linejoin[39m=[32m"round"[39m
                  [33mstroke-width[39m=[32m"2"[39m
                  [33mstyle[39m=[32m"color: rgb(230, 172, 80);"[39m
                  [33mviewBox[39m=[32m"0 0 24 24"[39m
                  [33mwidth[39m=[32m"24"[39m
                  [33mxmlns[39m=[32m"http://www.w3.org/2000/svg"[39m
                [36m>[39m
                  [36m<path[39m
                    [33md[39m=[32m"M21.3 15.3a2.4 2.4 0 0 1 0 3.4l-2.6 2.6a2.4 2.4 0 0 1-3.4 0L2.7 8.7a2.41 2.41 0 0 1 0-3.4l2.6-2.6a2.41 2.41 0 0 1 3.4 0Z"[39m
                  [36m/>[39m
                  [36m<path[39m
                    [33md[39m=[32m"m14.5 12.5 2-2"[39m
                  [36m/>[39m
                  [36m<path[39m
                    [33md[39m=[32m"m11.5 9.5 2-2"[39m
                  [36m/>[39m
                  [36m<path[39m
                    [3...
[90m [2m❯[22m Object.getElementError node_modules/@testing-library/dom/dist/config.js:[2m37:19[22m[39m
[90m [2m❯[22m node_modules/@testing-library/dom/dist/query-helpers.js:[2m76:38[22m[39m
[90m [2m❯[22m node_modules/@testing-library/dom/dist/query-helpers.js:[2m52:17[22m[39m
[90m [2m❯[22m node_modules/@testing-library/dom/dist/query-helpers.js:[2m95:19[22m[39m
[36m [2m❯[22m src/components/Tabs/BodyTab.test.tsx:[2m130:19[22m[39m
    [90m128|[39m       [34mrender[39m([33m<[39m[33mBodyTab[39m [33m{[39m[33m...[39mdefaultProps[33m}[39m [33m/[39m[33m>[39m)[33m;[39m
    [90m129|[39m     })[33m;[39m
    [90m130|[39m     [34mexpect[39m(screen[33m.[39m[34mgetByText[39m([32m'WEIGHT'[39m))[33m.[39m[34mtoBeDefined[39m()[33m;[39m
    [90m   |[39m                   [31m^[39m
    [90m131|[39m     [34mexpect[39m(screen[33m.[39m[34mgetByText[39m([32m'WAIST'[39m))[33m.[39m[34mtoBeDefined[39m()[33m;[39m
    [90m132|[39m     [34mexpect[39m(screen[33m.[39m[34mgetByText[39m([32m'CHEST'[39m))[33m.[39m[34mtoBeDefined[39m()[33m;[39m

[31m[2m⎯⎯⎯⎯⎯⎯⎯⎯⎯⎯⎯⎯⎯⎯⎯⎯⎯⎯⎯⎯⎯⎯⎯⎯[1/2]⎯[22m[39m

[41m[1m FAIL [22m[49m src/components/Tabs/BodyTab.test.tsx[2m > [22mBodyTab Component[2m > [22mrenders latest measurement values in the stats card
[31m[1mTestingLibraryElementError[22m[39m: Found multiple elements with the text: 75

Here are the matching elements:

Ignored nodes: comments, script, style
[36m<span[39m
  [33mclass[39m=[32m"text-[24px] font-extralight tracking-tighter text-[var(--text)]"[39m
[36m>[39m
  [0m75[0m
[36m</span>[39m

Ignored nodes: comments, script, style
[36m<td[39m
  [33mclass[39m=[32m"py-3 px-4 text-[16px] font-extralight tracking-tighter text-center"[39m
[36m>[39m
  [0m75[0m
[36m</td>[39m

(If this is intentional, then use the `*AllBy*` variant of the query (like `queryAllByText`, `getAllByText`, or `findAllByText`)).

Ignored nodes: comments, script, style
[36m<body>[39m
  [36m<div>[39m
    [36m<div[39m
      [33mclass[39m=[32m"flex flex-col gap-6"[39m
    [36m>[39m
      [36m<div[39m
        [33mclass[39m=[32m"grid grid-cols-1 md:grid-cols-2 gap-6"[39m
      [36m>[39m
        [36m<div[39m
          [33mclass[39m=[32m"card shadow-lg border-[var(--border)] transition-all"[39m
        [36m>[39m
          [36m<div[39m
            [33mclass[39m=[32m"flex items-center gap-3 mb-8"[39m
          [36m>[39m
            [36m<div[39m
              [33mclass[39m=[32m"p-2 bg-[var(--surface2)] rounded-lg"[39m
            [36m>[39m
              [36m<svg[39m
                [33maria-hidden[39m=[32m"true"[39m
                [33mclass[39m=[32m"lucide lucide-ruler w-5 h-5"[39m
                [33mfill[39m=[32m"none"[39m
                [33mheight[39m=[32m"24"[39m
                [33mstroke[39m=[32m"currentColor"[39m
                [33mstroke-linecap[39m=[32m"round"[39m
                [33mstroke-linejoin[39m=[32m"round"[39m
                [33mstroke-width[39m=[32m"2"[39m
                [33mstyle[39m=[32m"color: rgb(230, 172, 80);"[39m
                [33mviewBox[39m=[32m"0 0 24 24"[39m
                [33mwidth[39m=[32m"24"[39m
                [33mxmlns[39m=[32m"http://www.w3.org/2000/svg"[39m
              [36m>[39m
                [36m<path[39m
                  [33md[39m=[32m"M21.3 15.3a2.4 2.4 0 0 1 0 3.4l-2.6 2.6a2.4 2.4 0 0 1-3.4 0L2.7 8.7a2.41 2.41 0 0 1 0-3.4l2.6-2.6a2.41 2.41 0 0 1 3.4 0Z"[39m
                [36m/>[39m
                [36m<path[39m
                  [33md[39m=[32m"m14.5 12.5 2-2"[39m
                [36m/>[39m
                [36m<path[39m
                  [33md[39m=[32m"m11.5 9.5 2-2"[39m
                [36m/>[39m
                [36m<path[39m
                  [33md[39m=[32m"m8.5 6.5 2-2"[39m
                [36m/>[39m
                [36m<path[39m
                  [33md[39m=[32m"m17.5 15.5 2-2"[39m
                [36m/>[39m
              [36m</svg>[39m
            [36m</div>[39m
            [36m<div>[39m
              [36m<div[39m
                [33mclass[39m=[32m"card-label mb-0"[39m
              [36m>[39m
                [0mLog Measurements[0m
              [36m</div>[39m
              [36m<p[39m
                [33mclass[39m=[32m"text-[11px] text-[var(--text-muted)] mt-0.5 tracking-tight uppercase"[39m
              [36m>[39m
                [0mTrack your physical transformation[0m
              [36m</p>[39m
            [36m</div>[39m
          [36m</div>[39m
          [36m<div[39m
            [33mclass[39m=[32m"grid grid-cols-2 sm:grid-cols-3 gap-5"[39m
          [36m>[39m
            [36m<div[39m
              [33mclass[39m=[32m"flex flex-col gap-2"[39m
            [36m>[39m
              [36m<div[39m
                [33mclass[39m=[32m"flex items-center gap-1.5"[39m
              [36m>[39m
                [36m<svg[39m
                  [33maria-hidden[39m=[32m"true"[39m
                  [33mclass[39m=[32m"lucide lucide-weight w-3 h-3 opacity-80"[39m
                  [33mfill[39m=[32m"none"[39m
                  [33mheight[39m=[32m"24"[39m
                  [33mstroke[39m=[32m"currentColor"[39m
                  [33mstroke-linecap[39m=[32m"round"[39m
                  [33mstroke-linejoin[39m=[32m"round"[39m
                  [33mstroke-width[39m=[32m"2"[39m
                  [33mstyle[39m=[32m"color: rgb(168, 107, 18);"[39m
                  [33mviewBox[39m=[32m"0 0 24 24"[39m
                  [33mwidth[39m=[32m"24"[39m
                  [33mxmlns[39m=[32m"http://www.w3.org/2000/svg"[39m
                [36m>[39m
                  [36m<circle[39m
                    [33mcx[39m=[32m"12"[39m
                    [33mcy[39m=[32m"5"[39m
                    [33mr[39m=[32m"3"[39m
                  [36m/>[39m
                  [36m<path[39m
                    [33md[39m=[32m"M6.5 8a2 2 0 0 0-1.905 1.46L2.1 18.5A2 2 0 0 0 4 21h16a2 2 0 0 0 1.925-2.54L19.4 9.5A2 2 0 0 0 17.48 8Z"[39m
                  [36m/>[39m
                [36m</svg>[39m
                [36m<div[39m
                  [33mclass[39m=[32m"text-[10px] tracking-[0.1em] uppercase text-[var(--text-muted)] font-bold"[39m
                [36m>[39m
                  [0mWeight[0m
                [36m</div>[39m
              [36m</div>[39m
              [36m<div[39m
                [33mclass[39m=[32m"relative group"[39m
              [36m>[39m
                [36m<input[39m
                  [33mclass[39m=[32m"measure-input w-full pr-8 transition-all focus:ring-1 focus:ring-[var(--accent)]/20"[39m
                  [33mdata-testid[39m=[32m"input-weight"[39m
                  [33mplaceholder[39m=[32m"0.0"[39m
                  [33mstep[39m=[32m"0.1"[39m
                  [33mtype[39m=[32m"number"[39m
                  [33mvalue[39m=[32m"75"[39m
                [36m/>[39m
                [36m<span[39m
                  [33mclass[39m=[32m"absolute right-3 top-1/2 -translate-y-1/2 text-[10px] text-[var(--text-muted)] font-bold opacity-50"[39m
                [36m>[39m
                  [0mkg[0m
                [36m</span>[39m
              [36m</div>[39m
            [36m</div>[39m
            [36m<div[39m
              [33mclass[39m=[32m"flex flex-col gap-2"[39m
            [36m>[39m
              [36m<div[39m
                [33mclass[39m=[32m"flex items-center gap-1.5"[39m
              [36m>[39m
                [36m<svg[39m
                  [33maria-hidden[39m=[32m"true"[39m
                  [33mclass[39m=[32m"lucide lucide-ruler w-3 h-3 opacity-80"[39m
                  [33mfill[39m=[32m"none"[39m
                  [33mheight[39m=[32m"24"[39m
                  [33mstroke[39m=[32m"currentColor"[39m
                  [33mstroke-linecap[39m=[32m"round"[39m
                  [33mstroke-linejoin[39m=[32m"round"[39m
                  [33mstroke-width[39m=[32m"2"[39m
                  [33mstyle[39m=[32m"color: rgb(230, 172, 80);"[39m
                  [33mviewBox[39m=[32m"0 0 24 24"[39m
                  [33mwidth[39m=[32m"24"[39m
                  [33mxmlns[39m=[32m"http://www.w3.org/2000/svg"[39m
                [36m>[39m
                  [36m<path[39m
                    [33md[39m=[32m"M21.3 15.3a2.4 2.4 0 0 1 0 3.4l-2.6 2.6a2.4 2.4 0 0 1-3.4 0L2.7 8.7a2.41 2.41 0 0 1 0-3.4l2.6-2.6a2.41 2.41 0 0 1 3.4 0Z"[39m
                  [36m/>[39m
                  [36m<path[39m
                    [33md[39m=[32m"m14.5 12.5 2-2"[39m
                  [36m/>[39m
                  [36m<path[39m
                    [33md[39m=[32m"m11.5 9.5 2-2"[39m
                  [36m/>[39m
                  [36m<path[39m
                    [3...

Ignored nodes: comments, script, style
[36m<html>[39m
  [36m<head />[39m
  [36m<body>[39m
    [36m<div>[39m
      [36m<div[39m
        [33mclass[39m=[32m"flex flex-col gap-6"[39m
      [36m>[39m
        [36m<div[39m
          [33mclass[39m=[32m"grid grid-cols-1 md:grid-cols-2 gap-6"[39m
        [36m>[39m
          [36m<div[39m
            [33mclass[39m=[32m"card shadow-lg border-[var(--border)] transition-all"[39m
          [36m>[39m
            [36m<div[39m
              [33mclass[39m=[32m"flex items-center gap-3 mb-8"[39m
            [36m>[39m
              [36m<div[39m
                [33mclass[39m=[32m"p-2 bg-[var(--surface2)] rounded-lg"[39m
              [36m>[39m
                [36m<svg[39m
                  [33maria-hidden[39m=[32m"true"[39m
                  [33mclass[39m=[32m"lucide lucide-ruler w-5 h-5"[39m
                  [33mfill[39m=[32m"none"[39m
                  [33mheight[39m=[32m"24"[39m
                  [33mstroke[39m=[32m"currentColor"[39m
                  [33mstroke-linecap[39m=[32m"round"[39m
                  [33mstroke-linejoin[39m=[32m"round"[39m
                  [33mstroke-width[39m=[32m"2"[39m
                  [33mstyle[39m=[32m"color: rgb(230, 172, 80);"[39m
                  [33mviewBox[39m=[32m"0 0 24 24"[39m
                  [33mwidth[39m=[32m"24"[39m
                  [33mxmlns[39m=[32m"http://www.w3.org/2000/svg"[39m
                [36m>[39m
                  [36m<path[39m
                    [33md[39m=[32m"M21.3 15.3a2.4 2.4 0 0 1 0 3.4l-2.6 2.6a2.4 2.4 0 0 1-3.4 0L2.7 8.7a2.41 2.41 0 0 1 0-3.4l2.6-2.6a2.41 2.41 0 0 1 3.4 0Z"[39m
                  [36m/>[39m
                  [36m<path[39m
                    [33md[39m=[32m"m14.5 12.5 2-2"[39m
                  [36m/>[39m
                  [36m<path[39m
                    [33md[39m=[32m"m11.5 9.5 2-2"[39m
                  [36m/>[39m
                  [36m<path[39m
                    [33md[39m=[32m"m8.5 6.5 2-2"[39m
                  [36m/>[39m
                  [36m<path[39m
                    [33md[39m=[32m"m17.5 15.5 2-2"[39m
                  [36m/>[39m
                [36m</svg>[39m
              [36m</div>[39m
              [36m<div>[39m
                [36m<div[39m
                  [33mclass[39m=[32m"card-label mb-0"[39m
                [36m>[39m
                  [0mLog Measurements[0m
                [36m</div>[39m
                [36m<p[39m
                  [33mclass[39m=[32m"text-[11px] text-[var(--text-muted)] mt-0.5 tracking-tight uppercase"[39m
                [36m>[39m
                  [0mTrack your physical transformation[0m
                [36m</p>[39m
              [36m</div>[39m
            [36m</div>[39m
            [36m<div[39m
              [33mclass[39m=[32m"grid grid-cols-2 sm:grid-cols-3 gap-5"[39m
            [36m>[39m
              [36m<div[39m
                [33mclass[39m=[32m"flex flex-col gap-2"[39m
              [36m>[39m
                [36m<div[39m
                  [33mclass[39m=[32m"flex items-center gap-1.5"[39m
                [36m>[39m
                  [36m<svg[39m
                    [33maria-hidden[39m=[32m"true"[39m
                    [33mclass[39m=[32m"lucide lucide-weight w-3 h-3 opacity-80"[39m
                    [33mfill[39m=[32m"none"[39m
                    [33mheight[39m=[32m"24"[39m
                    [33mstroke[39m=[32m"currentColor"[39m
                    [33mstroke-linecap[39m=[32m"round"[39m
                    [33mstroke-linejoin[39m=[32m"round"[39m
                    [33mstroke-width[39m=[32m"2"[39m
                    [33mstyle[39m=[32m"color: rgb(168, 107, 18);"[39m
                    [33mviewBox[39m=[32m"0 0 24 24"[39m
                    [33mwidth[39m=[32m"24"[39m
                    [33mxmlns[39m=[32m"http://www.w3.org/2000/svg"[39m
                  [36m>[39m
                    [36m<circle[39m
                      [33mcx[39m=[32m"12"[39m
                      [33mcy[39m=[32m"5"[39m
                      [33mr[39m=[32m"3"[39m
                    [36m/>[39m
                    [36m<path[39m
                      [33md[39m=[32m"M6.5 8a2 2 0 0 0-1.905 1.46L2.1 18.5A2 2 0 0 0 4 21h16a2 2 0 0 0 1.925-2.54L19.4 9.5A2 2 0 0 0 17.48 8Z"[39m
                    [36m/>[39m
                  [36m</svg>[39m
                  [36m<div[39m
                    [33mclass[39m=[32m"text-[10px] tracking-[0.1em] uppercase text-[var(--text-muted)] font-bold"[39m
                  [36m>[39m
                    [0mWeight[0m
                  [36m</div>[39m
                [36m</div>[39m
                [36m<div[39m
                  [33mclass[39m=[32m"relative group"[39m
                [36m>[39m
                  [36m<input[39m
                    [33mclass[39m=[32m"measure-input w-full pr-8 transition-all focus:ring-1 focus:ring-[var(--accent)]/20"[39m
                    [33mdata-testid[39m=[32m"input-weight"[39m
                    [33mplaceholder[39m=[32m"0.0"[39m
                    [33mstep[39m=[32m"0.1"[39m
                    [33mtype[39m=[32m"number"[39m
                    [33mvalue[39m=[32m"75"[39m
                  [36m/>[39m
                  [36m<span[39m
                    [33mclass[39m=[32m"absolute right-3 top-1/2 -translate-y-1/2 text-[10px] text-[var(--text-muted)] font-bold opacity-50"[39m
                  [36m>[39m
                    [0mkg[0m
                  [36m</span>[39m
                [36m</div>[39m
              [36m</div>[39m
              [36m<div[39m
                [33mclass[39m=[32m"flex flex-col gap-2"[39m
              [36m>[39m
                [36m<div[39m
                  [33mclass[39m=[32m"flex items-center gap-1.5"[39m
                [36m>[39m
                  [36m<svg[39m
                    [33maria-hidden[39m=[32m"true"[39m
                    [33mclass[39m=[32m"lucide lucide-ruler w-3 h-3 opacity-80"[39m
                    [33mfill[39m=[32m"none"[39m
                    [33mheight[39m=[32m"24"[39m
                    [33mstroke[39m=[32m"currentColor"[39m
                    [33mstroke-linecap[39m=[32m"round"[39m
                    [33mstroke-linejoin[39m=[32m"round"[39m
                    [33mstroke-width[39m=[32m"2"[39m
                    [33mstyle[39m=[32m"color: rgb(230, 172, 80);"[39m
                    [33mviewBox[39m=[32m"0 0 24 24"[39m
                    [33mwidth[39m=[32m"24"[39m
                    [33mxmlns[39m=[32m"http://www.w3.org/2000/svg"[39m
                  [36m>[39m
                    [36m<path[39m
                      [33md[39m=[32m"M21.3 15.3a2.4 2.4 0 0 1 0 3.4l-2.6 2.6a2.4 2.4 0 0 1-3.4 0L2.7 8.7a2.41 2.41 0 0 1 0-3.4l2.6-2.6a2.41 2.41 0 0 1 3.4 0Z"[39m
                   ...
[90m [2m❯[22m Proxy.waitForWrapper node_modules/@testing-library/dom/dist/wait-for.js:[2m163:27[22m[39m
[36m [2m❯[22m src/components/Tabs/BodyTab.test.tsx:[2m145:11[22m[39m
    [90m143|[39m       [34mrender[39m([33m<[39m[33mBodyTab[39m [33m{[39m[33m...[39mdefaultProps[33m}[39m [33m/[39m[33m>[39m)[33m;[39m
    [90m144|[39m     })[33m;[39m
    [90m145|[39m     [35mawait[39m [34mwaitFor[39m(() [33m=>[39m {
    [90m   |[39m           [31m^[39m
    [90m146|[39m       [34mexpect[39m(screen[33m.[39m[34mgetByText[39m([32m'75'[39m))[33m.[39m[34mtoBeDefined[39m()[33m;[39m
    [90m147|[39m       [34mexpect[39m(screen[33m.[39m[34mgetByText[39m([32m'85'[39m))[33m.[39m[34mtoBeDefined[39m()[33m;[39m

[31m[2m⎯⎯⎯⎯⎯⎯⎯⎯⎯⎯⎯⎯⎯⎯⎯⎯⎯⎯⎯⎯⎯⎯⎯⎯[2/2]⎯[22m[39m


[2m Test Files [22m [1m[31m1 failed[39m[22m[90m (1)[39m
[2m      Tests [22m [1m[31m2 failed[39m[22m[2m | [22m[1m[32m7 passed[39m[22m[90m (9)[39m
[2m   Start at [22m 21:46:52
[2m   Duration [22m 3.60s[2m (transform 117ms, setup 245ms, import 196ms, tests 1.40s, environment 895ms)[22m

