
[1m[46m RUN [49m[22m [36mv4.1.0 [39m[90mD:/LiveFit Project/Project-LiveFit[39m

 [32m✓[39m src/components/Shared/SharedComponents.test.tsx[2m > [22mShared Utility Components[2m > [22mGlassMetric[2m > [22mrenders label and value[32m 33[2mms[22m[39m
 [32m✓[39m src/components/Shared/SharedComponents.test.tsx[2m > [22mShared Utility Components[2m > [22mGlassMetric[2m > [22mrenders target and percentage when provided[32m 11[2mms[22m[39m
 [32m✓[39m src/components/Shared/SharedComponents.test.tsx[2m > [22mShared Utility Components[2m > [22mGlassMetric[2m > [22mhandles click events[32m 8[2mms[22m[39m
 [32m✓[39m src/components/Shared/SharedComponents.test.tsx[2m > [22mShared Utility Components[2m > [22mEmptyState[2m > [22mrenders message and description[32m 5[2mms[22m[39m
 [32m✓[39m src/components/Shared/SharedComponents.test.tsx[2m > [22mShared Utility Components[2m > [22mEmptyState[2m > [22mrenders action component[32m 3[2mms[22m[39m
 [32m✓[39m src/components/Shared/SharedComponents.test.tsx[2m > [22mShared Utility Components[2m > [22mProgressBar[2m > [22mrenders with correct percentage[32m 2[2mms[22m[39m
 [32m✓[39m src/components/Shared/SharedComponents.test.tsx[2m > [22mShared Utility Components[2m > [22mProgressBar[2m > [22mapplies status class[32m 2[2mms[22m[39m
 [31m×[39m src/components/Shared/SharedComponents.test.tsx[2m > [22mShared Utility Components[2m > [22mGlassPane[2m > [22mrenders children and applies padding by default[32m 6[2mms[22m[39m
[31m   → Invalid selector .\\!p-4[39m
 [31m×[39m src/components/Shared/SharedComponents.test.tsx[2m > [22mShared Utility Components[2m > [22mGlassPane[2m > [22mremoves padding when noPadding is true[32m 2[2mms[22m[39m
[31m   → Invalid selector .\\!p-0[39m
 [32m✓[39m src/components/Shared/SharedComponents.test.tsx[2m > [22mShared Utility Components[2m > [22mGlassPopover[2m > [22mrenders when open[32m 2[2mms[22m[39m
 [32m✓[39m src/components/Shared/SharedComponents.test.tsx[2m > [22mShared Utility Components[2m > [22mGlassPopover[2m > [22mrenders title if provided[32m 2[2mms[22m[39m
 [32m✓[39m src/components/Shared/SharedComponents.test.tsx[2m > [22mShared Utility Components[2m > [22mGlassPopover[2m > [22mcalls onClose when close button or overlay is clicked[32m 2[2mms[22m[39m
 [32m✓[39m src/components/Shared/SharedComponents.test.tsx[2m > [22mShared Utility Components[2m > [22mCloudBackground[2m > [22mrenders without crashing[32m 13[2mms[22m[39m

[31m⎯⎯⎯⎯⎯⎯⎯[39m[1m[41m Failed Tests 2 [49m[22m[31m⎯⎯⎯⎯⎯⎯⎯[39m

[41m[1m FAIL [22m[49m src/components/Shared/SharedComponents.test.tsx[2m > [22mShared Utility Components[2m > [22mGlassPane[2m > [22mrenders children and applies padding by default
[31m[1mSyntaxError[22m: Invalid selector .\\!p-4[39m
[90m [2m❯[22m Finder.onError ../../LiveFit%20Project/Project-LiveFit/node_modules/@asamuzakjp/dom-selector/src/js/finder.js:[2m189:13[22m[39m
[90m [2m❯[22m DOMSelector.querySelector ../../LiveFit%20Project/Project-LiveFit/node_modules/@asamuzakjp/dom-selector/src/index.js:[2m291:20[22m[39m
[90m [2m❯[22m DocumentImpl.querySelector node_modules/jsdom/lib/jsdom/living/nodes/ParentNode-impl.js:[2m67:24[22m[39m
[90m [2m❯[22m Document.querySelector node_modules/jsdom/lib/generated/idl/Document.js:[2m1028:58[22m[39m
[36m [2m❯[22m src/components/Shared/SharedComponents.test.tsx:[2m77:23[22m[39m
    [90m 75|[39m       [34mrender[39m([33m<[39m[33mGlassPane[39m[33m>[39m[33m<[39m[33mdiv[39m[33m>[39mContent[33m<[39m[33m/[39m[33mdiv[39m[33m>[39m[33m<[39m[33m/[39m[33mGlassPane[39m[33m>[39m)[33m;[39m
    [90m 76|[39m       [34mexpect[39m(screen[33m.[39m[34mgetByText[39m([32m'Content'[39m))[33m.[39m[34mtoBeDefined[39m()[33m;[39m
    [90m 77|[39m       expect(document.querySelector(String.raw`.\\!p-4`)).toBeDefined(…
    [90m   |[39m                       [31m^[39m
    [90m 78|[39m     })[33m;[39m
    [90m 79|[39m

[31m[2m⎯⎯⎯⎯⎯⎯⎯⎯⎯⎯⎯⎯⎯⎯⎯⎯⎯⎯⎯⎯⎯⎯⎯⎯⎯⎯⎯⎯⎯⎯[22m[39m
[31m[1mSerialized Error:[22m[39m [90m{ code: 12, INDEX_SIZE_ERR: 1, DOMSTRING_SIZE_ERR: 2, HIERARCHY_REQUEST_ERR: 3, WRONG_DOCUMENT_ERR: 4, INVALID_CHARACTER_ERR: 5, NO_DATA_ALLOWED_ERR: 6, NO_MODIFICATION_ALLOWED_ERR: 7, NOT_FOUND_ERR: 8, NOT_SUPPORTED_ERR: 9, INUSE_ATTRIBUTE_ERR: 10, INVALID_STATE_ERR: 11, SYNTAX_ERR: 12, INVALID_MODIFICATION_ERR: 13, NAMESPACE_ERR: 14, INVALID_ACCESS_ERR: 15, VALIDATION_ERR: 16, TYPE_MISMATCH_ERR: 17, SECURITY_ERR: 18, NETWORK_ERR: 19, ABORT_ERR: 20, URL_MISMATCH_ERR: 21, QUOTA_EXCEEDED_ERR: 22, TIMEOUT_ERR: 23, INVALID_NODE_TYPE_ERR: 24, DATA_CLONE_ERR: 25 }[39m
[31m[2m⎯⎯⎯⎯⎯⎯⎯⎯⎯⎯⎯⎯⎯⎯⎯⎯⎯⎯⎯⎯⎯⎯⎯⎯[1/2]⎯[22m[39m

[41m[1m FAIL [22m[49m src/components/Shared/SharedComponents.test.tsx[2m > [22mShared Utility Components[2m > [22mGlassPane[2m > [22mremoves padding when noPadding is true
[31m[1mSyntaxError[22m: Invalid selector .\\!p-0[39m
[90m [2m❯[22m Finder.onError ../../LiveFit%20Project/Project-LiveFit/node_modules/@asamuzakjp/dom-selector/src/js/finder.js:[2m189:13[22m[39m
[90m [2m❯[22m DOMSelector.querySelector ../../LiveFit%20Project/Project-LiveFit/node_modules/@asamuzakjp/dom-selector/src/index.js:[2m291:20[22m[39m
[90m [2m❯[22m DocumentImpl.querySelector node_modules/jsdom/lib/jsdom/living/nodes/ParentNode-impl.js:[2m67:24[22m[39m
[90m [2m❯[22m Document.querySelector node_modules/jsdom/lib/generated/idl/Document.js:[2m1028:58[22m[39m
[36m [2m❯[22m src/components/Shared/SharedComponents.test.tsx:[2m82:23[22m[39m
    [90m 80|[39m     [34mit[39m([32m'removes padding when noPadding is true'[39m[33m,[39m () [33m=>[39m {
    [90m 81|[39m       [34mrender[39m([33m<[39m[33mGlassPane[39m [33mnoPadding[39m[33m>[39m[33m<[39m[33mdiv[39m[33m>[39mContent[33m<[39m[33m/[39m[33mdiv[39m[33m>[39m[33m<[39m[33m/[39m[33mGlassPane[39m[33m>[39m)[33m;[39m
    [90m 82|[39m       expect(document.querySelector(String.raw`.\\!p-0`)).toBeDefined(…
    [90m   |[39m                       [31m^[39m
    [90m 83|[39m     })[33m;[39m
    [90m 84|[39m   })[33m;[39m

[31m[2m⎯⎯⎯⎯⎯⎯⎯⎯⎯⎯⎯⎯⎯⎯⎯⎯⎯⎯⎯⎯⎯⎯⎯⎯⎯⎯⎯⎯⎯⎯[22m[39m
[31m[1mSerialized Error:[22m[39m [90m{ code: 12, INDEX_SIZE_ERR: 1, DOMSTRING_SIZE_ERR: 2, HIERARCHY_REQUEST_ERR: 3, WRONG_DOCUMENT_ERR: 4, INVALID_CHARACTER_ERR: 5, NO_DATA_ALLOWED_ERR: 6, NO_MODIFICATION_ALLOWED_ERR: 7, NOT_FOUND_ERR: 8, NOT_SUPPORTED_ERR: 9, INUSE_ATTRIBUTE_ERR: 10, INVALID_STATE_ERR: 11, SYNTAX_ERR: 12, INVALID_MODIFICATION_ERR: 13, NAMESPACE_ERR: 14, INVALID_ACCESS_ERR: 15, VALIDATION_ERR: 16, TYPE_MISMATCH_ERR: 17, SECURITY_ERR: 18, NETWORK_ERR: 19, ABORT_ERR: 20, URL_MISMATCH_ERR: 21, QUOTA_EXCEEDED_ERR: 22, TIMEOUT_ERR: 23, INVALID_NODE_TYPE_ERR: 24, DATA_CLONE_ERR: 25 }[39m
[31m[2m⎯⎯⎯⎯⎯⎯⎯⎯⎯⎯⎯⎯⎯⎯⎯⎯⎯⎯⎯⎯⎯⎯⎯⎯[2/2]⎯[22m[39m


[2m Test Files [22m [1m[31m1 failed[39m[22m[90m (1)[39m
[2m      Tests [22m [1m[31m2 failed[39m[22m[2m | [22m[1m[32m11 passed[39m[22m[90m (13)[39m
[2m   Start at [22m 21:51:57
[2m   Duration [22m 2.08s[2m (transform 124ms, setup 299ms, import 181ms, tests 95ms, environment 1.15s)[22m

